// Jest Snapshot v1, https://goo.gl/fbAQLP

exports[`population transition graph component should render correctly 1`] = `
<div
  className="navigation"
>
  表示するデータがありません。都道府県を選択してください
</div>
`;

exports[`population transition graph component should render correctly with actual data 1`] = `
<div
  className="wrapper"
>
  <div
    className="population"
  >
    人口数
  </div>
  <div
    className="year"
  >
    年度
  </div>
  <div
    className="graph"
  >
    <canvas
      height={150}
      role="img"
      width={300}
    />
  </div>
  <div
    className="copyright"
  >
    RESAS (地域経済分析システム) を加工して作成
  </div>
</div>
`;
