// Jest Snapshot v1, https://goo.gl/fbAQLP

exports[`common home page should render correctly 1`] = `
<div>
  <main
    className="main"
  >
    <div
      className="header"
    >
      POPULATrans
    </div>
    <div
      className="wrapper"
    >
      <div
        className="graph"
      >
        <div
          className="h1"
        >
          <h1
            className="text"
          >
            人口の推移
          </h1>
          <div
            className="underline"
          />
        </div>
        <div
          className="wrapper"
        >
          Loading
        </div>
      </div>
      <div
        className="prefForm"
      >
        <div
          className="h1"
        >
          <h1
            className="text"
          >
            都道府県
          </h1>
          <div
            className="underline"
          />
        </div>
        <div
          className="wrapper"
        />
      </div>
    </div>
  </main>
</div>
`;
